Traceback (most recent call last):
  File "C:\Users\ARIEL\AppData\Roaming\Python\Python39\site-packages\jupyter_core\utils\__init__.py", line 154, in wrapped
    asyncio.get_running_loop()
RuntimeError: no running event loop

During handling of the above exception, another exception occurred:

Traceback (most recent call last):
  File "C:\Users\ARIEL\AppData\Local\Programs\Python\Python39\lib\site-packages\jupyter_cache\executors\utils.py", line 58, in single_nb_execution
    executenb(
  File "C:\Users\ARIEL\AppData\Local\Programs\Python\Python39\lib\site-packages\nbclient\client.py", line 1319, in execute
    return NotebookClient(nb=nb, resources=resources, km=km, **kwargs).execute()
  File "C:\Users\ARIEL\AppData\Roaming\Python\Python39\site-packages\jupyter_core\utils\__init__.py", line 158, in wrapped
    return loop.run_until_complete(inner)
  File "C:\Users\ARIEL\AppData\Local\Programs\Python\Python39\lib\asyncio\base_events.py", line 642, in run_until_complete
    return future.result()
  File "C:\Users\ARIEL\AppData\Local\Programs\Python\Python39\lib\site-packages\nbclient\client.py", line 709, in async_execute
    await self.async_execute_cell(
  File "C:\Users\ARIEL\AppData\Local\Programs\Python\Python39\lib\site-packages\nbclient\client.py", line 1062, in async_execute_cell
    await self._check_raise_for_error(cell, cell_index, exec_reply)
  File "C:\Users\ARIEL\AppData\Local\Programs\Python\Python39\lib\site-packages\nbclient\client.py", line 918, in _check_raise_for_error
    raise CellExecutionError.from_cell_and_msg(cell, exec_reply_content)
nbclient.exceptions.CellExecutionError: An error occurred while executing the following cell:
------------------
X_train, y_train = forecaster.create_train_X_y(
    y    = data_train['Demand'],
    exog = data_train['Temperature']
)
------------------


[1;31m---------------------------------------------------------------------------[0m
[1;31mNameError[0m                                 Traceback (most recent call last)
Cell [1;32mIn[1], line 1[0m
[1;32m----> 1[0m X_train, y_train [38;5;241m=[39m [43mforecaster[49m[38;5;241m.[39mcreate_train_X_y(
[0;32m      2[0m     y    [38;5;241m=[39m data_train[[38;5;124m'[39m[38;5;124mDemand[39m[38;5;124m'[39m],
[0;32m      3[0m     exog [38;5;241m=[39m data_train[[38;5;124m'[39m[38;5;124mTemperature[39m[38;5;124m'[39m]
[0;32m      4[0m )

[1;31mNameError[0m: name 'forecaster' is not defined

